../Core/Src/main.c:103:5:__io_putchar	24	static
../Core/Src/main.c:124:6:Ringbuffer_Put	24	static
../Core/Src/main.c:151:6:Ringbuffer_Get	24	static
../Core/Src/main.c:182:5:main	16	static
../Core/Src/main.c:287:6:SystemClock_Config	96	static
../Core/Src/main.c:332:13:MX_USART2_UART_Init	8	static
../Core/Src/main.c:367:13:MX_GPIO_Init	16	static
../Core/Src/main.c:381:6:ProducerTask_Entry	32	static
../Core/Src/main.c:410:6:ConsumerTask_Entry	24	static
../Core/Src/main.c:432:6:Error_Handler	4	static,ignoring_inline_asm
