22:52:17 **** Incremental Build of configuration Debug for project EMBSY_RTOS_wifi_demo_station ****
make -j16 all 
arm-none-eabi-gcc "../Core/Src/main.c" -mcpu=cortex-m4 -std=gnu11 -g3 -DDEBUG -DUSE_HAL_DRIVER -DSTM32L432xx -c -I../Core/Inc -I../Drivers/STM32L4xx_HAL_Driver/Inc -I../Drivers/STM32L4xx_HAL_Driver/Inc/Legacy -I../Drivers/CMSIS/Device/ST/STM32L4xx/Include -I../Drivers/CMSIS/Include -I../Middlewares/Third_Party/FreeRTOS/Source/include -I../Middlewares/Third_Party/FreeRTOS/Source/CMSIS_RTOS_V2 -I../Middlewares/Third_Party/FreeRTOS/Source/portable/GCC/ARM_CM4F -O0 -ffunction-sections -fdata-sections -Wall -fstack-usage -fcyclomatic-complexity -MMD -MP -MF"Core/Src/main.d" -MT"Core/Src/main.o" --specs=nano.specs -mfpu=fpv4-sp-d16 -mfloat-abi=hard -mthumb -o "Core/Src/main.o"
arm-none-eabi-gcc -o "EMBSY_RTOS_wifi_demo_station.elf" @"objects.list"   -mcpu=cortex-m4 -T"C:\Users\samue\STM32CubeIDE\workspace_1.13.1\EMBSY_RTOS_wifi_demo_station\STM32L432KCUX_FLASH.ld" --specs=nosys.specs -Wl,-Map="EMBSY_RTOS_wifi_demo_station.map" -Wl,--gc-sections -static --specs=nano.specs -mfpu=fpv4-sp-d16 -mfloat-abi=hard -mthumb -Wl,--start-group -lc -lm -Wl,--end-group
Finished building target: EMBSY_RTOS_wifi_demo_station.elf
 
arm-none-eabi-size   EMBSY_RTOS_wifi_demo_station.elf 
arm-none-eabi-objdump -h -S  EMBSY_RTOS_wifi_demo_station.elf  > "EMBSY_RTOS_wifi_demo_station.list"
   text	   data	    bss	    dec	    hex	filename
  42328	    256	  16448	  59032	   e698	EMBSY_RTOS_wifi_demo_station.elf
Finished building: default.size.stdout
 
Finished building: EMBSY_RTOS_wifi_demo_station.list
 

22:52:18 Build Finished. 0 errors, 0 warnings. (took 793ms)

